Dump          : 20260701
Tracklists    : indexees
Tranche       : complet

[   0.5 min]      102 Mo lus  (203.9 Mo/min)     157,735 sorties    1,000,213 entrees
[   1.0 min]      226 Mo lus  (225.8 Mo/min)     351,028 sorties    2,400,612 entrees
[   1.5 min]      358 Mo lus  (238.5 Mo/min)     538,993 sorties    3,941,746 entrees
[   2.0 min]      484 Mo lus  (241.8 Mo/min)     724,417 sorties    5,522,468 entrees
[   2.5 min]      613 Mo lus  (244.9 Mo/min)     922,108 sorties    7,143,094 entrees
[   3.0 min]      743 Mo lus  (247.4 Mo/min)   1,127,379 sorties    8,823,757 entrees
[   3.5 min]      869 Mo lus  (248.0 Mo/min)   1,324,137 sorties   10,464,353 entrees
[   4.0 min]     1001 Mo lus  (250.0 Mo/min)   1,529,127 sorties   12,245,069 entrees
[   4.5 min]     1132 Mo lus  (251.3 Mo/min)   1,732,908 sorties   14,085,782 entrees
[   5.0 min]     1263 Mo lus  (252.4 Mo/min)   1,948,972 sorties   15,946,577 entrees
[   5.5 min]     1397 Mo lus  (253.8 Mo/min)   2,165,176 sorties   17,867,277 entrees
[   6.0 min]     1531 Mo lus  (254.9 Mo/min)   2,379,702 sorties   19,848,640 entrees
[   6.5 min]     1663 Mo lus  (255.6 Mo/min)   2,596,471 sorties   21,849,425 entrees
[   7.0 min]     1795 Mo lus  (256.2 Mo/min)   2,815,342 sorties   23,910,208 entrees
[   7.5 min]     1920 Mo lus  (255.8 Mo/min)   3,015,614 sorties   25,851,429 entrees
[   8.0 min]     2031 Mo lus  (253.7 Mo/min)   3,201,604 sorties   27,612,171 entrees
[   8.5 min]     2157 Mo lus  (253.5 Mo/min)   3,417,223 sorties   29,633,177 entrees
[   9.0 min]     2286 Mo lus  (253.8 Mo/min)   3,638,388 sorties   31,694,419 entrees
[   9.5 min]     2417 Mo lus  (254.2 Mo/min)   3,865,316 sorties   33,836,675 entrees
[  10.0 min]     2543 Mo lus  (254.1 Mo/min)   4,080,000 sorties   35,877,932 entrees
[  10.5 min]     2678 Mo lus  (254.8 Mo/min)   4,312,530 sorties   38,078,750 entrees
[  11.0 min]     2813 Mo lus  (255.5 Mo/min)   4,547,843 sorties   40,299,587 entrees
[  11.5 min]     2948 Mo lus  (256.1 Mo/min)   4,784,915 sorties   42,561,324 entrees
[  12.0 min]     3082 Mo lus  (256.6 Mo/min)   5,020,263 sorties   44,802,362 entrees
[  12.5 min]     3216 Mo lus  (257.1 Mo/min)   5,255,099 sorties   47,083,610 entrees
[  13.0 min]     3351 Mo lus  (257.6 Mo/min)   5,489,195 sorties   49,344,587 entrees
[  13.5 min]     3485 Mo lus  (257.9 Mo/min)   5,728,992 sorties   51,666,321 entrees
[  14.0 min]     3620 Mo lus  (258.4 Mo/min)   5,964,548 sorties   53,987,528 entrees
[  14.5 min]     3755 Mo lus  (258.8 Mo/min)   6,201,186 sorties   56,368,852 entrees
[  15.0 min]     3891 Mo lus  (259.2 Mo/min)   6,441,036 sorties   58,750,378 entrees
[  15.5 min]     4025 Mo lus  (259.5 Mo/min)   6,678,427 sorties   61,132,311 entrees
[  16.0 min]     4160 Mo lus  (259.8 Mo/min)   6,918,375 sorties   63,593,509 entrees
[  16.5 min]     4290 Mo lus  (259.8 Mo/min)   7,150,224 sorties   65,954,856 entrees
[  17.0 min]     4424 Mo lus  (260.0 Mo/min)   7,388,742 sorties   68,416,535 entrees
[  17.5 min]     4559 Mo lus  (260.3 Mo/min)   7,629,450 sorties   70,920,872 entrees
[  18.0 min]     4693 Mo lus  (260.5 Mo/min)   7,866,525 sorties   73,362,049 entrees
[  18.5 min]     4827 Mo lus  (260.7 Mo/min)   8,111,148 sorties   75,864,051 entrees
[  19.0 min]     4961 Mo lus  (260.9 Mo/min)   8,353,577 sorties   78,345,203 entrees
[  19.5 min]     5095 Mo lus  (261.1 Mo/min)   8,596,561 sorties   80,827,019 entrees
[  20.0 min]     5227 Mo lus  (261.1 Mo/min)   8,837,699 sorties   83,268,289 entrees
[  20.5 min]     5361 Mo lus  (261.3 Mo/min)   9,080,693 sorties   85,729,891 entrees
[  21.0 min]     5494 Mo lus  (261.4 Mo/min)   9,320,428 sorties   88,211,720 entrees
[  21.5 min]     5629 Mo lus  (261.6 Mo/min)   9,567,723 sorties   90,714,396 entrees
[  22.0 min]     5762 Mo lus  (261.7 Mo/min)   9,814,563 sorties   93,175,444 entrees
[  22.5 min]     5895 Mo lus  (261.8 Mo/min)  10,062,155 sorties   95,636,965 entrees
[  23.0 min]     6029 Mo lus  (261.9 Mo/min)  10,313,273 sorties   98,138,239 entrees
[  23.5 min]     6163 Mo lus  (262.0 Mo/min)  10,564,315 sorties  100,639,743 entrees
[  24.0 min]     6296 Mo lus  (262.1 Mo/min)  10,815,060 sorties  103,121,431 entrees
[  24.5 min]     6426 Mo lus  (262.1 Mo/min)  11,060,230 sorties  105,542,580 entrees
[  25.0 min]     6560 Mo lus  (262.2 Mo/min)  11,308,200 sorties  108,003,658 entrees
[  25.5 min]     6694 Mo lus  (262.3 Mo/min)  11,566,972 sorties  110,505,111 entrees
[  26.0 min]     6828 Mo lus  (262.4 Mo/min)  11,814,969 sorties  113,026,403 entrees
[  26.5 min]     6960 Mo lus  (262.4 Mo/min)  12,063,712 sorties  115,527,469 entrees
[  27.0 min]     7093 Mo lus  (262.5 Mo/min)  12,320,320 sorties  118,068,968 entrees
[  27.5 min]     7227 Mo lus  (262.6 Mo/min)  12,575,872 sorties  120,611,352 entrees
[  28.0 min]     7360 Mo lus  (262.6 Mo/min)  12,832,284 sorties  123,152,459 entrees
[  28.5 min]     7494 Mo lus  (262.7 Mo/min)  13,084,465 sorties  125,653,824 entrees
[  29.0 min]     7621 Mo lus  (262.6 Mo/min)  13,323,167 sorties  128,054,933 entrees
[  29.5 min]     7754 Mo lus  (262.6 Mo/min)  13,572,723 sorties  130,597,462 entrees
[  30.0 min]     7883 Mo lus  (262.6 Mo/min)  13,819,872 sorties  133,078,555 entrees
[  30.5 min]     8012 Mo lus  (262.5 Mo/min)  14,066,020 sorties  135,540,744 entrees
[  31.0 min]     8142 Mo lus  (262.4 Mo/min)  14,308,555 sorties  138,002,978 entrees
[  31.5 min]     8270 Mo lus  (262.3 Mo/min)  14,552,995 sorties  140,444,393 entrees
[  32.0 min]     8404 Mo lus  (262.4 Mo/min)  14,808,896 sorties  142,985,439 entrees
[  32.5 min]     8537 Mo lus  (262.5 Mo/min)  15,061,735 sorties  145,506,544 entrees
[  33.0 min]     8671 Mo lus  (262.5 Mo/min)  15,320,293 sorties  148,068,479 entrees
[  33.5 min]     8805 Mo lus  (262.6 Mo/min)  15,579,716 sorties  150,629,841 entrees
[  34.0 min]     8938 Mo lus  (262.7 Mo/min)  15,835,832 sorties  153,214,391 entrees
[  34.5 min]     9070 Mo lus  (262.7 Mo/min)  16,099,117 sorties  155,795,406 entrees
[  35.0 min]     9202 Mo lus  (262.7 Mo/min)  16,363,572 sorties  158,396,860 entrees
[  35.5 min]     9334 Mo lus  (262.7 Mo/min)  16,622,285 sorties  160,958,733 entrees
[  36.0 min]     9466 Mo lus  (262.7 Mo/min)  16,879,857 sorties  163,560,114 entrees
[  36.5 min]     9596 Mo lus  (262.7 Mo/min)  17,149,949 sorties  166,163,346 entrees
[  37.0 min]     9727 Mo lus  (262.7 Mo/min)  17,414,675 sorties  168,744,532 entrees
[  37.5 min]     9858 Mo lus  (262.7 Mo/min)  17,679,029 sorties  171,346,138 entrees
[  38.0 min]     9990 Mo lus  (262.7 Mo/min)  17,941,355 sorties  173,967,419 entrees
[  38.5 min]    10120 Mo lus  (262.6 Mo/min)  18,204,273 sorties  176,548,755 entrees
[  39.0 min]    10251 Mo lus  (262.6 Mo/min)  18,478,843 sorties  179,230,273 entrees
[  39.5 min]    10383 Mo lus  (262.7 Mo/min)  18,743,515 sorties  181,871,954 entrees
[  40.0 min]    10513 Mo lus  (262.6 Mo/min)  19,010,704 sorties  184,533,073 entrees
[  40.5 min]    10634 Mo lus  (262.3 Mo/min)  19,267,094 sorties  187,070,107 entrees
[  41.0 min]    10634 Mo lus  (259.2 Mo/min)  19,267,094 sorties  187,070,107 entrees
[  41.5 min]    10634 Mo lus  (256.0 Mo/min)  19,267,094 sorties  187,070,107 entrees
[  42.0 min]    10634 Mo lus  (253.0 Mo/min)  19,267,094 sorties  187,070,107 entrees
[  42.5 min]    10634 Mo lus  (250.0 Mo/min)  19,267,094 sorties  187,070,107 entrees
[  43.0 min]    10634 Mo lus  (247.1 Mo/min)  19,267,094 sorties  187,070,107 entrees
[  43.5 min]    10634 Mo lus  (244.3 Mo/min)  19,267,094 sorties  187,070,107 entrees
[  44.0 min]    10634 Mo lus  (241.5 Mo/min)  19,267,094 sorties  187,070,107 entrees
[  44.5 min]    10634 Mo lus  (238.8 Mo/min)  19,267,094 sorties  187,070,107 entrees
[  45.0 min]    10634 Mo lus  (236.1 Mo/min)  19,267,094 sorties  187,070,107 entrees
[  45.5 min]    10634 Mo lus  (233.5 Mo/min)  19,267,094 sorties  187,070,107 entrees
[  46.0 min]    10634 Mo lus  (231.0 Mo/min)  19,267,094 sorties  187,070,107 entrees
[  46.5 min]    10634 Mo lus  (228.5 Mo/min)  19,267,094 sorties  187,070,107 entrees

=== Import termine ===
  releases         19267094
  entries          187070107
  mb_compressed    10633.6
  total_mb         10633.6
  parse_seconds    2430.0
  total_seconds    2820.9
  duree totale     47.0 min
